// Jest Snapshot v1, https://goo.gl/fbAQLP

exports[`renders correctly 1`] = `
<div
  className="Products-wrapper-0-1-1"
>
  <div
    className="ListHeader-wrapper-1"
  >
    <div
      className="ListHeader-rightWrapper-2"
    >
      <div
        className="MuiInputBase-root-23 MuiInput-root-10"
        onClick={[Function]}
      >
        <div
          className="MuiSelect-root-3"
        >
          <div
            aria-haspopup="true"
            aria-pressed="false"
            className="MuiSelect-select-4 MuiSelect-selectMenu-7 MuiSelect-outlined-6 MuiInputBase-input-33 MuiInput-input-18"
            id="select-8 per page"
            onBlur={[Function]}
            onClick={[Function]}
            onFocus={[Function]}
            onKeyDown={[Function]}
            role="button"
            tabIndex={0}
          >
            8 per page
          </div>
          <input
            id="items-per-page"
            name="8 per page"
            type="hidden"
            value={8}
          />
          <svg
            aria-hidden="true"
            className="MuiSvgIcon-root-40 MuiSelect-icon-9"
            focusable="false"
            role="presentation"
            viewBox="0 0 24 24"
          >
            <path
              d="M7 10l5 5 5-5z"
            />
          </svg>
        </div>
      </div>
    </div>
    <h2
      className="MuiTypography-root-53 MuiTypography-h5-69"
    >
      All Products
    </h2>
    <p
      className="MuiTypography-root-53 MuiTypography-body1-62 MuiTypography-colorTextSecondary-86"
    >
      No item
    </p>
    <hr
      className="MuiDivider-root-89"
    />
  </div>
  <div
    className="MuiGrid-container-94 MuiGrid-spacing-xs-16-117"
  />
  <div
    className="ListFooter-wrapper-191"
  >
    <div
      className="ListFooter-content-193"
    >
      <button
        className="MuiButtonBase-root-224 MuiButtonBase-disabled-225 MuiButton-root-198 MuiButton-text-200 MuiButton-flat-203 MuiButton-disabled-218"
        disabled={true}
        onBlur={[Function]}
        onClick={[Function]}
        onContextMenu={[Function]}
        onFocus={[Function]}
        onKeyDown={[Function]}
        onKeyUp={[Function]}
        onMouseDown={[Function]}
        onMouseLeave={[Function]}
        onMouseUp={[Function]}
        onTouchEnd={[Function]}
        onTouchMove={[Function]}
        onTouchStart={[Function]}
        tabIndex="-1"
        type="button"
      >
        <span
          className="MuiButton-label-199"
        >
          <svg
            aria-hidden="true"
            className="MuiSvgIcon-root-40"
            focusable="false"
            role="presentation"
            viewBox="0 0 24 24"
          >
            <path
              d="M15.41 16.59L10.83 12l4.58-4.59L14 6l-6 6 6 6 1.41-1.41z"
            />
            <path
              d="M0 0h24v24H0V0z"
              fill="none"
            />
          </svg>
          Previous page
        </span>
      </button>
      <div
        className="MuiTabs-root-229"
      >
        <div
          className="MuiTabs-flexContainer-230"
        >
          <div
            className="MuiTabs-scroller-232 MuiTabs-fixed-233"
            onScroll={[Function]}
            role="tablist"
            style={
              Object {
                "marginBottom": 0,
              }
            }
          >
            <div
              className="MuiTabs-flexContainer-230"
            >
              <button
                aria-selected={true}
                className="MuiButtonBase-root-224 MuiTab-root-238 Pagination-root-228 MuiTab-textColorInherit-240 MuiTab-selected-243 Pagination-selected-227"
                disabled={false}
                onBlur={[Function]}
                onClick={[Function]}
                onContextMenu={[Function]}
                onFocus={[Function]}
                onKeyDown={[Function]}
                onKeyUp={[Function]}
                onMouseDown={[Function]}
                onMouseLeave={[Function]}
                onMouseUp={[Function]}
                onTouchEnd={[Function]}
                onTouchMove={[Function]}
                onTouchStart={[Function]}
                role="tab"
                tabIndex="0"
                type="button"
              >
                <span
                  className="MuiTab-wrapper-246"
                >
                  <span
                    className="MuiTab-labelContainer-247"
                  >
                    <span
                      className="MuiTab-label-248"
                    >
                      1
                    </span>
                  </span>
                </span>
                <span
                  className="MuiTouchRipple-root-253"
                />
              </button>
            </div>
            <span
              className="MuiPrivateTabIndicator-root-250 MuiPrivateTabIndicator-colorPrimary-251 MuiTabs-indicator-237"
              style={
                Object {
                  "left": 0,
                  "width": 0,
                }
              }
            />
          </div>
        </div>
      </div>
      <button
        className="MuiButtonBase-root-224 MuiButtonBase-disabled-225 MuiButton-root-198 MuiButton-text-200 MuiButton-flat-203 MuiButton-disabled-218"
        disabled={true}
        onBlur={[Function]}
        onClick={[Function]}
        onContextMenu={[Function]}
        onFocus={[Function]}
        onKeyDown={[Function]}
        onKeyUp={[Function]}
        onMouseDown={[Function]}
        onMouseLeave={[Function]}
        onMouseUp={[Function]}
        onTouchEnd={[Function]}
        onTouchMove={[Function]}
        onTouchStart={[Function]}
        tabIndex="-1"
        type="button"
      >
        <span
          className="MuiButton-label-199"
        >
          Next page
          <svg
            aria-hidden="true"
            className="MuiSvgIcon-root-40"
            focusable="false"
            role="presentation"
            viewBox="0 0 24 24"
          >
            <path
              d="M8.59 16.59L13.17 12 8.59 7.41 10 6l6 6-6 6-1.41-1.41z"
            />
            <path
              d="M0 0h24v24H0V0z"
              fill="none"
            />
          </svg>
        </span>
      </button>
    </div>
  </div>
</div>
`;
